This is pdfTeX, Version 3.141592653-2.6-1.40.24 (TeX Live 2022) (preloaded format=pdflatex 2022.11.28)  14 SEP 2026 00:55
entering extended mode
 restricted \write18 enabled.
 %&-line parsing enabled.
**audit_runs_weekend.tex
(./audit_runs_weekend.tex
LaTeX2e <2021-11-15> patch level 1
L3 programming layer <2022-02-24>
(/usr/local/texlive/2022/texmf-dist/tex/latex/base/article.cls
Document Class: article 2021/10/04 v1.4n Standard LaTeX document class
(/usr/local/texlive/2022/texmf-dist/tex/latex/base/size11.clo
File: size11.clo 2021/10/04 v1.4n Standard LaTeX file (size option)
)
\c@part=\count185
\c@section=\count186
\c@subsection=\count187
\c@subsubsection=\count188
\c@paragraph=\count189
\c@subparagraph=\count190
\c@figure=\count191
\c@table=\count192
\abovecaptionskip=\skip47
\belowcaptionskip=\skip48
\bibindent=\dimen138
)
(/usr/local/texlive/2022/texmf-dist/tex/latex/geometry/geometry.sty
Package: geometry 2020/01/02 v5.9 Page Geometry

(/usr/local/texlive/2022/texmf-dist/tex/latex/graphics/keyval.sty
Package: keyval 2014/10/28 v1.15 key=value parser (DPC)
\KV@toks@=\toks16
)
(/usr/local/texlive/2022/texmf-dist/tex/generic/iftex/ifvtex.sty
Package: ifvtex 2019/10/25 v1.7 ifvtex legacy package. Use iftex instead.

(/usr/local/texlive/2022/texmf-dist/tex/generic/iftex/iftex.sty
Package: iftex 2022/02/03 v1.0f TeX engine tests
))
\Gm@cnth=\count193
\Gm@cntv=\count194
\c@Gm@tempcnt=\count195
\Gm@bindingoffset=\dimen139
\Gm@wd@mp=\dimen140
\Gm@odd@mp=\dimen141
\Gm@even@mp=\dimen142
\Gm@layoutwidth=\dimen143
\Gm@layoutheight=\dimen144
\Gm@layouthoffset=\dimen145
\Gm@layoutvoffset=\dimen146
\Gm@dimlist=\toks17
)
(/usr/local/texlive/2022/texmf-dist/tex/latex/base/fontenc.sty
Package: fontenc 2021/04/29 v2.0v Standard LaTeX package
)
(/usr/local/texlive/2022/texmf-dist/tex/latex/base/inputenc.sty
Package: inputenc 2021/02/14 v1.3d Input encoding file
\inpenc@prehook=\toks18
\inpenc@posthook=\toks19
)
(/usr/local/texlive/2022/texmf-dist/tex/generic/babel/babel.sty
Package: babel 2022/02/26 3.73 The Babel package
\babel@savecnt=\count196
\U@D=\dimen147
\l@unhyphenated=\language87

(/usr/local/texlive/2022/texmf-dist/tex/generic/babel/txtbabel.def)
\bbl@readstream=\read2
\bbl@dirlevel=\count197

(/usr/local/texlive/2022/texmf-dist/tex/generic/babel-french/french.ldf
Language: french 2021/07/20 v3.5m French support from the babel system
Package babel Info: Hyphen rules for 'acadian' set to \l@french
(babel)             (\language29). Reported on input line 91.
Package babel Info: Hyphen rules for 'canadien' set to \l@french
(babel)             (\language29). Reported on input line 92.
\FB@nonchar=\count198
Package babel Info: Making : an active character on input line 430.
Package babel Info: Making ; an active character on input line 431.
Package babel Info: Making ! an active character on input line 432.
Package babel Info: Making ? an active character on input line 433.
\FBguill@level=\count199
\FBold@everypar=\toks20
\FB@Mht=\dimen148
\mc@charclass=\count266
\mc@charfam=\count267
\mc@charslot=\count268
\std@mcc=\count269
\dec@mcc=\count270
\listindentFB=\dimen149
\descindentFB=\dimen150
\labelindentFB=\dimen151
\labelwidthFB=\dimen152
\leftmarginFB=\dimen153
\parindentFFN=\dimen154
\FBfnindent=\dimen155
))
(/usr/local/texlive/2022/texmf-dist/tex/latex/carlisle/scalefnt.sty)
(/usr/local/texlive/2022/texmf-dist/tex/latex/amsmath/amsmath.sty
Package: amsmath 2021/10/15 v2.17l AMS math features
\@mathmargin=\skip49

For additional information on amsmath, use the `?' option.
(/usr/local/texlive/2022/texmf-dist/tex/latex/amsmath/amstext.sty
Package: amstext 2021/08/26 v2.01 AMS text

(/usr/local/texlive/2022/texmf-dist/tex/latex/amsmath/amsgen.sty
File: amsgen.sty 1999/11/30 v2.0 generic functions
\@emptytoks=\toks21
\ex@=\dimen156
))
(/usr/local/texlive/2022/texmf-dist/tex/latex/amsmath/amsbsy.sty
Package: amsbsy 1999/11/29 v1.2d Bold Symbols
\pmbraise@=\dimen157
)
(/usr/local/texlive/2022/texmf-dist/tex/latex/amsmath/amsopn.sty
Package: amsopn 2021/08/26 v2.02 operator names
)
\inf@bad=\count271
LaTeX Info: Redefining \frac on input line 234.
\uproot@=\count272
\leftroot@=\count273
LaTeX Info: Redefining \overline on input line 399.
\classnum@=\count274
\DOTSCASE@=\count275
LaTeX Info: Redefining \ldots on input line 496.
LaTeX Info: Redefining \dots on input line 499.
LaTeX Info: Redefining \cdots on input line 620.
\Mathstrutbox@=\box50
\strutbox@=\box51
\big@size=\dimen158
LaTeX Font Info:    Redeclaring font encoding OML on input line 743.
LaTeX Font Info:    Redeclaring font encoding OMS on input line 744.
\macc@depth=\count276
\c@MaxMatrixCols=\count277
\dotsspace@=\muskip16
\c@parentequation=\count278
\dspbrk@lvl=\count279
\tag@help=\toks22
\row@=\count280
\column@=\count281
\maxfields@=\count282
\andhelp@=\toks23
\eqnshift@=\dimen159
\alignsep@=\dimen160
\tagshift@=\dimen161
\tagwidth@=\dimen162
\totwidth@=\dimen163
\lineht@=\dimen164
\@envbody=\toks24
\multlinegap=\skip50
\multlinetaggap=\skip51
\mathdisplay@stack=\toks25
LaTeX Info: Redefining \[ on input line 2938.
LaTeX Info: Redefining \] on input line 2939.
)
(/usr/local/texlive/2022/texmf-dist/tex/latex/amsfonts/amssymb.sty
Package: amssymb 2013/01/14 v3.01 AMS font symbols

(/usr/local/texlive/2022/texmf-dist/tex/latex/amsfonts/amsfonts.sty
Package: amsfonts 2013/01/14 v3.01 Basic AMSFonts support
\symAMSa=\mathgroup4
\symAMSb=\mathgroup5
LaTeX Font Info:    Redeclaring math symbol \hbar on input line 98.
LaTeX Font Info:    Overwriting math alphabet `\mathfrak' in version `bold'
(Font)                  U/euf/m/n --> U/euf/b/n on input line 106.
))
(/usr/local/texlive/2022/texmf-dist/tex/latex/booktabs/booktabs.sty
Package: booktabs 2020/01/12 v1.61803398 Publication quality tables
\heavyrulewidth=\dimen165
\lightrulewidth=\dimen166
\cmidrulewidth=\dimen167
\belowrulesep=\dimen168
\belowbottomsep=\dimen169
\aboverulesep=\dimen170
\abovetopsep=\dimen171
\cmidrulesep=\dimen172
\cmidrulekern=\dimen173
\defaultaddspace=\dimen174
\@cmidla=\count283
\@cmidlb=\count284
\@aboverulesep=\dimen175
\@belowrulesep=\dimen176
\@thisruleclass=\count285
\@lastruleclass=\count286
\@thisrulewidth=\dimen177
)
(/usr/local/texlive/2022/texmf-dist/tex/latex/tools/array.sty
Package: array 2021/10/04 v2.5f Tabular extension package (FMi)
\col@sep=\dimen178
\ar@mcellbox=\box52
\extrarowheight=\dimen179
\NC@list=\toks26
\extratabsurround=\skip52
\backup@length=\skip53
\ar@cellbox=\box53
)
(/usr/local/texlive/2022/texmf-dist/tex/latex/tools/longtable.sty
Package: longtable 2021-09-01 v4.17 Multi-page Table package (DPC)
\LTleft=\skip54
\LTright=\skip55
\LTpre=\skip56
\LTpost=\skip57
\LTchunksize=\count287
\LTcapwidth=\dimen180
\LT@head=\box54
\LT@firsthead=\box55
\LT@foot=\box56
\LT@lastfoot=\box57
\LT@gbox=\box58
\LT@cols=\count288
\LT@rows=\count289
\c@LT@tables=\count290
\c@LT@chunks=\count291
\LT@p@ftn=\toks27
)
(/usr/local/texlive/2022/texmf-dist/tex/latex/xcolor/xcolor.sty
Package: xcolor 2021/10/31 v2.13 LaTeX color extensions (UK)

(/usr/local/texlive/2022/texmf-dist/tex/latex/graphics-cfg/color.cfg
File: color.cfg 2016/01/02 v1.6 sample color configuration
)
Package xcolor Info: Driver file: pdftex.def on input line 227.

(/usr/local/texlive/2022/texmf-dist/tex/latex/graphics-def/pdftex.def
File: pdftex.def 2020/10/05 v1.2a Graphics/color driver for pdftex
)
Package xcolor Info: Model `cmy' substituted by `cmy0' on input line 1352.
Package xcolor Info: Model `hsb' substituted by `rgb' on input line 1356.
Package xcolor Info: Model `RGB' extended on input line 1368.
Package xcolor Info: Model `HTML' substituted by `rgb' on input line 1370.
Package xcolor Info: Model `Hsb' substituted by `hsb' on input line 1371.
Package xcolor Info: Model `tHsb' substituted by `hsb' on input line 1372.
Package xcolor Info: Model `HSB' substituted by `hsb' on input line 1373.
Package xcolor Info: Model `Gray' substituted by `gray' on input line 1374.
Package xcolor Info: Model `wave' substituted by `hsb' on input line 1375.
)
(/usr/local/texlive/2022/texmf-dist/tex/latex/graphics/graphicx.sty
Package: graphicx 2021/09/16 v1.2d Enhanced LaTeX Graphics (DPC,SPQR)

(/usr/local/texlive/2022/texmf-dist/tex/latex/graphics/graphics.sty
Package: graphics 2021/03/04 v1.4d Standard LaTeX Graphics (DPC,SPQR)

(/usr/local/texlive/2022/texmf-dist/tex/latex/graphics/trig.sty
Package: trig 2021/08/11 v1.11 sin cos tan (DPC)
)
(/usr/local/texlive/2022/texmf-dist/tex/latex/graphics-cfg/graphics.cfg
File: graphics.cfg 2016/06/04 v1.11 sample graphics configuration
)
Package graphics Info: Driver file: pdftex.def on input line 107.
)
\Gin@req@height=\dimen181
\Gin@req@width=\dimen182
)
(/usr/local/texlive/2022/texmf-dist/tex/latex/url/url.sty
\Urlmuskip=\muskip17
Package: url 2013/09/16  ver 3.4  Verb mode for urls, etc.
)
(/usr/local/texlive/2022/texmf-dist/tex/latex/hyperref/hyperref.sty
Package: hyperref 2022-02-21 v7.00n Hypertext links for LaTeX

(/usr/local/texlive/2022/texmf-dist/tex/generic/ltxcmds/ltxcmds.sty
Package: ltxcmds 2020-05-10 v1.25 LaTeX kernel commands for general use (HO)
)
(/usr/local/texlive/2022/texmf-dist/tex/generic/pdftexcmds/pdftexcmds.sty
Package: pdftexcmds 2020-06-27 v0.33 Utility functions of pdfTeX for LuaTeX (HO
)

(/usr/local/texlive/2022/texmf-dist/tex/generic/infwarerr/infwarerr.sty
Package: infwarerr 2019/12/03 v1.5 Providing info/warning/error messages (HO)
)
Package pdftexcmds Info: \pdf@primitive is available.
Package pdftexcmds Info: \pdf@ifprimitive is available.
Package pdftexcmds Info: \pdfdraftmode found.
)
(/usr/local/texlive/2022/texmf-dist/tex/generic/kvsetkeys/kvsetkeys.sty
Package: kvsetkeys 2019/12/15 v1.18 Key value parser (HO)
)
(/usr/local/texlive/2022/texmf-dist/tex/generic/kvdefinekeys/kvdefinekeys.sty
Package: kvdefinekeys 2019-12-19 v1.6 Define keys (HO)
)
(/usr/local/texlive/2022/texmf-dist/tex/generic/pdfescape/pdfescape.sty
Package: pdfescape 2019/12/09 v1.15 Implements pdfTeX's escape features (HO)
)
(/usr/local/texlive/2022/texmf-dist/tex/latex/hycolor/hycolor.sty
Package: hycolor 2020-01-27 v1.10 Color options for hyperref/bookmark (HO)
)
(/usr/local/texlive/2022/texmf-dist/tex/latex/letltxmacro/letltxmacro.sty
Package: letltxmacro 2019/12/03 v1.6 Let assignment for LaTeX macros (HO)
)
(/usr/local/texlive/2022/texmf-dist/tex/latex/auxhook/auxhook.sty
Package: auxhook 2019-12-17 v1.6 Hooks for auxiliary files (HO)
)
(/usr/local/texlive/2022/texmf-dist/tex/latex/kvoptions/kvoptions.sty
Package: kvoptions 2020-10-07 v3.14 Key value format for package options (HO)
)
\@linkdim=\dimen183
\Hy@linkcounter=\count292
\Hy@pagecounter=\count293

(/usr/local/texlive/2022/texmf-dist/tex/latex/hyperref/pd1enc.def
File: pd1enc.def 2022-02-21 v7.00n Hyperref: PDFDocEncoding definition (HO)
Now handling font encoding PD1 ...
... no UTF-8 mapping file for font encoding PD1
)
(/usr/local/texlive/2022/texmf-dist/tex/generic/intcalc/intcalc.sty
Package: intcalc 2019/12/15 v1.3 Expandable calculations with integers (HO)
)
(/usr/local/texlive/2022/texmf-dist/tex/generic/etexcmds/etexcmds.sty
Package: etexcmds 2019/12/15 v1.7 Avoid name clashes with e-TeX commands (HO)
)
\Hy@SavedSpaceFactor=\count294

(/usr/local/texlive/2022/texmf-dist/tex/latex/hyperref/puenc.def
File: puenc.def 2022-02-21 v7.00n Hyperref: PDF Unicode definition (HO)
Now handling font encoding PU ...
... no UTF-8 mapping file for font encoding PU
)
Package hyperref Info: Option `colorlinks' set `true' on input line 4018.
Package hyperref Info: Hyper figures OFF on input line 4137.
Package hyperref Info: Link nesting OFF on input line 4142.
Package hyperref Info: Hyper index ON on input line 4145.
Package hyperref Info: Plain pages OFF on input line 4152.
Package hyperref Info: Backreferencing OFF on input line 4157.
Package hyperref Info: Implicit mode ON; LaTeX internals redefined.
Package hyperref Info: Bookmarks ON on input line 4390.
\c@Hy@tempcnt=\count295
LaTeX Info: Redefining \url on input line 4749.
\XeTeXLinkMargin=\dimen184

(/usr/local/texlive/2022/texmf-dist/tex/generic/bitset/bitset.sty
Package: bitset 2019/12/09 v1.3 Handle bit-vector datatype (HO)

(/usr/local/texlive/2022/texmf-dist/tex/generic/bigintcalc/bigintcalc.sty
Package: bigintcalc 2019/12/15 v1.5 Expandable calculations on big integers (HO
)
))
\Fld@menulength=\count296
\Field@Width=\dimen185
\Fld@charsize=\dimen186
Package hyperref Info: Hyper figures OFF on input line 6027.
Package hyperref Info: Link nesting OFF on input line 6032.
Package hyperref Info: Hyper index ON on input line 6035.
Package hyperref Info: backreferencing OFF on input line 6042.
Package hyperref Info: Link coloring ON on input line 6045.
Package hyperref Info: Link coloring with OCG OFF on input line 6052.
Package hyperref Info: PDF/A mode OFF on input line 6057.
LaTeX Info: Redefining \ref on input line 6097.
LaTeX Info: Redefining \pageref on input line 6101.

(/usr/local/texlive/2022/texmf-dist/tex/latex/base/atbegshi-ltx.sty
Package: atbegshi-ltx 2021/01/10 v1.0c Emulation of the original atbegshi
package with kernel methods
)
\Hy@abspage=\count297
\c@Item=\count298
\c@Hfootnote=\count299
)
Package hyperref Info: Driver (autodetected): hpdftex.

(/usr/local/texlive/2022/texmf-dist/tex/latex/hyperref/hpdftex.def
File: hpdftex.def 2022-02-21 v7.00n Hyperref driver for pdfTeX

(/usr/local/texlive/2022/texmf-dist/tex/latex/base/atveryend-ltx.sty
Package: atveryend-ltx 2020/08/19 v1.0a Emulation of the original atveryend pac
kage
with kernel methods
)
\Fld@listcount=\count300
\c@bookmark@seq@number=\count301

(/usr/local/texlive/2022/texmf-dist/tex/latex/rerunfilecheck/rerunfilecheck.sty
Package: rerunfilecheck 2019/12/05 v1.9 Rerun checks for auxiliary files (HO)

(/usr/local/texlive/2022/texmf-dist/tex/generic/uniquecounter/uniquecounter.sty
Package: uniquecounter 2019/12/15 v1.4 Provide unlimited unique counter (HO)
)
Package uniquecounter Info: New unique counter `rerunfilecheck' on input line 2
86.
)
\Hy@SectionHShift=\skip58
)
(/usr/local/texlive/2022/texmf-dist/tex/latex/l3backend/l3backend-pdftex.def
File: l3backend-pdftex.def 2022-02-07 L3 backend support: PDF output (pdfTeX)
\l__color_backend_stack_int=\count302
\l__pdf_internal_box=\box59
)
(./audit_runs_weekend.aux)
\openout1 = `audit_runs_weekend.aux'.

LaTeX Font Info:    Checking defaults for OML/cmm/m/it on input line 37.
LaTeX Font Info:    ... okay on input line 37.
LaTeX Font Info:    Checking defaults for OMS/cmsy/m/n on input line 37.
LaTeX Font Info:    ... okay on input line 37.
LaTeX Font Info:    Checking defaults for OT1/cmr/m/n on input line 37.
LaTeX Font Info:    ... okay on input line 37.
LaTeX Font Info:    Checking defaults for T1/cmr/m/n on input line 37.
LaTeX Font Info:    ... okay on input line 37.
LaTeX Font Info:    Checking defaults for TS1/cmr/m/n on input line 37.
LaTeX Font Info:    ... okay on input line 37.
LaTeX Font Info:    Checking defaults for OMX/cmex/m/n on input line 37.
LaTeX Font Info:    ... okay on input line 37.
LaTeX Font Info:    Checking defaults for U/cmr/m/n on input line 37.
LaTeX Font Info:    ... okay on input line 37.
LaTeX Font Info:    Checking defaults for PD1/pdf/m/n on input line 37.
LaTeX Font Info:    ... okay on input line 37.
LaTeX Font Info:    Checking defaults for PU/pdf/m/n on input line 37.
LaTeX Font Info:    ... okay on input line 37.

*geometry* driver: auto-detecting
*geometry* detected driver: pdftex
*geometry* verbose mode - [ preamble ] result:
* driver: pdftex
* paper: a4paper
* layout: <same size as paper>
* layoutoffset:(h,v)=(0.0pt,0.0pt)
* modes: 
* h-part:(L,W,R)=(72.26999pt, 452.9679pt, 72.26999pt)
* v-part:(T,H,B)=(72.26999pt, 700.50687pt, 72.26999pt)
* \paperwidth=597.50787pt
* \paperheight=845.04684pt
* \textwidth=452.9679pt
* \textheight=700.50687pt
* \oddsidemargin=0.0pt
* \evensidemargin=0.0pt
* \topmargin=-37.0pt
* \headheight=12.0pt
* \headsep=25.0pt
* \topskip=11.0pt
* \footskip=30.0pt
* \marginparwidth=59.0pt
* \marginparsep=10.0pt
* \columnsep=10.0pt
* \skip\footins=10.0pt plus 4.0pt minus 2.0pt
* \hoffset=0.0pt
* \voffset=0.0pt
* \mag=1000
* \@twocolumnfalse
* \@twosidefalse
* \@mparswitchfalse
* \@reversemarginfalse
* (1in=72.27pt=25.4mm, 1cm=28.453pt)

LaTeX Info: Redefining \degres on input line 37.
LaTeX Info: Redefining \up on input line 37.
(/usr/local/texlive/2022/texmf-dist/tex/context/base/mkii/supp-pdf.mkii
[Loading MPS to PDF converter (version 2006.09.02).]
\scratchcounter=\count303
\scratchdimen=\dimen187
\scratchbox=\box60
\nofMPsegments=\count304
\nofMParguments=\count305
\everyMPshowfont=\toks28
\MPscratchCnt=\count306
\MPscratchDim=\dimen188
\MPnumerator=\count307
\makeMPintoPDFobject=\count308
\everyMPtoPDFconversion=\toks29
) (/usr/local/texlive/2022/texmf-dist/tex/latex/epstopdf-pkg/epstopdf-base.sty
Package: epstopdf-base 2020-01-24 v2.11 Base part for package epstopdf
Package epstopdf-base Info: Redefining graphics rule for `.eps' on input line 4
85.

(/usr/local/texlive/2022/texmf-dist/tex/latex/latexconfig/epstopdf-sys.cfg
File: epstopdf-sys.cfg 2010/07/13 v1.3 Configuration of (r)epstopdf for TeX Liv
e
))
Package hyperref Info: Link coloring ON on input line 37.

(/usr/local/texlive/2022/texmf-dist/tex/latex/hyperref/nameref.sty
Package: nameref 2021-04-02 v2.47 Cross-referencing by name of section

(/usr/local/texlive/2022/texmf-dist/tex/latex/refcount/refcount.sty
Package: refcount 2019/12/15 v3.6 Data extraction from label references (HO)
)
(/usr/local/texlive/2022/texmf-dist/tex/generic/gettitlestring/gettitlestring.s
ty
Package: gettitlestring 2019/12/15 v1.6 Cleanup title references (HO)
)
\c@section@level=\count309
)
LaTeX Info: Redefining \ref on input line 37.
LaTeX Info: Redefining \pageref on input line 37.
LaTeX Info: Redefining \nameref on input line 37.
 (./audit_runs_weekend.out) (./audit_runs_weekend.out)
\@outlinefile=\write3
\openout3 = `audit_runs_weekend.out'.

LaTeX Font Info:    Trying to load font information for U+msa on input line 39.


(/usr/local/texlive/2022/texmf-dist/tex/latex/amsfonts/umsa.fd
File: umsa.fd 2013/01/14 v3.01 AMS symbols A
)
LaTeX Font Info:    Trying to load font information for U+msb on input line 39.


(/usr/local/texlive/2022/texmf-dist/tex/latex/amsfonts/umsb.fd
File: umsb.fd 2013/01/14 v3.01 AMS symbols B
)
LaTeX Font Info:    Trying to load font information for T1+cmtt on input line 4
0.

(/usr/local/texlive/2022/texmf-dist/tex/latex/base/t1cmtt.fd
File: t1cmtt.fd 2019/12/16 v2.5j Standard LaTeX font definitions
)
Underfull \hbox (badness 2626) in paragraph at lines 63--76
\T1/cmr/m/n/10.95 L'ex-clu-sion n'est ac-tive que sous $\T1/cmtt/m/n/10.95 -[]-
[] exclude -[] corner -[] from -[] collocation$ \T1/cmr/m/n/10.95 (ligne 1372 :

 []


Underfull \hbox (badness 10000) in paragraph at lines 63--76
\T1/cmtt/m/n/10.95 corner_exclusion_window=(corner_window if args.exclude_corne
r_from_collocation
 []


Underfull \hbox (badness 2435) in paragraph at lines 63--76
\T1/cmtt/m/n/10.95 else None)\T1/cmr/m/n/10.95 ). Le masque d'éva-lua-tion ($\T
1/cmtt/m/n/10.95 evaluate _ against _ closed _ form$\T1/cmr/m/n/10.95 , ligne 6
96) est
 []


Underfull \hbox (badness 1264) in paragraph at lines 63--76
\T1/cmtt/m/n/10.95 corner_mask = (ss - B).abs() + (T - tt) <= corner_window\T1/
cmr/m/n/10.95 , iden-tique à la condi-tion
 []

[1

{/usr/local/texlive/2022/texmf-var/fonts/map/pdftex/updmap/pdftex.map}]
LaTeX Font Info:    Font shape `T1/cmtt/bx/n' in size <14.4> not available
(Font)              Font shape `T1/cmtt/m/n' tried instead on input line 99.

[2] [3]
Underfull \hbox (badness 10000) in paragraph at lines 254--264
\T1/cmr/m/n/10.95 lis-tés dans $\T1/cmtt/m/n/10.95 20260908 _ hors _ couche / s
trike _ selection _ metrics . yaml$ \T1/cmr/m/n/10.95 (brut ; Chen-
 []


Underfull \hbox (badness 5374) in paragraph at lines 254--264
\T1/cmr/m/n/10.95 Mangasarian constant et gra-dué à $\OML/cmm/m/it/10.95 "[] \O
MS/cmsy/m/n/10.95 2 f\OT1/cmr/m/n/10.95 0\OML/cmm/m/it/10.95 :\OT1/cmr/m/n/10.9
5 01\OML/cmm/m/it/10.95 ; \OT1/cmr/m/n/10.95 0\OML/cmm/m/it/10.95 :\OT1/cmr/m/n
/10.95 02\OML/cmm/m/it/10.95 ; \OT1/cmr/m/n/10.95 0\OML/cmm/m/it/10.95 :\OT1/cm
r/m/n/10.95 05\OML/cmm/m/it/10.95 ; \OT1/cmr/m/n/10.95 0\OML/cmm/m/it/10.95 :\O
T1/cmr/m/n/10.95 1\OML/cmm/m/it/10.95 ; \OT1/cmr/m/n/10.95 0\OML/cmm/m/it/10.95
 :\OT1/cmr/m/n/10.95 2\OMS/cmsy/m/n/10.95 g$ \T1/cmr/m/n/10.95 ; Black-Scholes,

 []


Underfull \hbox (badness 10000) in paragraph at lines 254--264
\T1/cmr/m/n/10.95 deux as-sem-blages ; split), \T1/cmtt/m/n/10.95 metadata.yaml
 \T1/cmr/m/n/10.95 lus sur leur co-pie lo-cale (les quatre
 []


Underfull \hbox (badness 10000) in paragraph at lines 254--264
\T1/cmr/m/n/10.95 runs $\T1/cmtt/m/n/10.95 20260825 _ 014738 _ *$ \T1/cmr/m/n/1
0.95 aussi sur le home CMAP). Runs du week-end : les
 []


Underfull \hbox (badness 10000) in paragraph at lines 254--264
\T1/cmr/m/n/10.95 quinze ré-per-toires \T1/cmtt/m/n/10.95 *_iters50000_eps0.1_s
eed{0..4}_{split_nuc0.3_nquad8000,
 []


Underfull \hbox (badness 10000) in paragraph at lines 254--264
\T1/cmtt/m/n/10.95 blackscholes_analyticres, blackscholes}_nocorner \T1/cmr/m/n
/10.95 re-te-nus par l'agré-ga-tion
 []


Underfull \hbox (badness 10000) in paragraph at lines 254--264
\T1/cmtt/m/n/10.95 data / aggregate _ terminal _ function _ comparison / 202609
13 _ 172225 _ iters50000 _ eps0 .
 []


Underfull \hbox (badness 6927) in paragraph at lines 290--290
[]|\T1/cmr/m/n/10 quatorze runs : brut ; Chen-
 []


Underfull \hbox (badness 10000) in paragraph at lines 290--291
[]|\T1/cmr/m/n/10 quinze runs : Black-Scholes,
 []


Underfull \hbox (badness 10000) in paragraph at lines 290--291
\T1/cmr/m/n/10 as-sem-blage or-di-naire ; Black-
 []


Underfull \hbox (badness 10000) in paragraph at lines 290--291
\T1/cmr/m/n/10 (\T1/cmtt/m/n/10 analytic_residual: true\T1/cmr/m/n/10 ) ;
 []


Underfull \hbox (badness 10000) in paragraph at lines 291--291
[]|$\OMS/cmsy/m/n/10 f\OT1/cmr/m/n/10 0\OML/cmm/m/it/10 :\OT1/cmr/m/n/10 01\OML
/cmm/m/it/10 ; \OT1/cmr/m/n/10 0\OML/cmm/m/it/10 :\OT1/cmr/m/n/10 02\OML/cmm/m/
it/10 ; \OT1/cmr/m/n/10 0\OML/cmm/m/it/10 :\OT1/cmr/m/n/10 05\OML/cmm/m/it/10 ;
 \OT1/cmr/m/n/10 0\OML/cmm/m/it/10 :\OT1/cmr/m/n/10 1\OML/cmm/m/it/10 ; \OT1/cm
r/m/n/10 0\OML/cmm/m/it/10 :\OT1/cmr/m/n/10 2\OMS/cmsy/m/n/10 g$
 []


Underfull \hbox (badness 10000) in paragraph at lines 291--291
\T1/cmr/m/n/10 (construc-tions Chen-
 []


Underfull \hbox (badness 2529) in paragraph at lines 291--292
[]|\T1/cmr/m/n/10 sans ob-jet (au-cune construc-tion
 []


Underfull \hbox (badness 1132) in paragraph at lines 292--292
[]|\T1/cmr/m/n/10 aucune (clé $\T1/cmtt/m/n/10 corner _ exclusion _
 []


Underfull \hbox (badness 6063) in paragraph at lines 292--293
[]|\T1/cmr/m/n/10 triangle $\OML/cmm/m/it/10 N[]$ \T1/cmr/m/n/10 par rejet-rede
ssin
 []


Underfull \hbox (badness 10000) in paragraph at lines 292--293
\T1/cmr/m/n/10 (\T1/cmtt/m/n/10 corner_exclusion_window:
 []


Underfull \hbox (badness 10000) in paragraph at lines 293--293
[]|\T1/cmr/m/n/10 Assemblage du ré-sidu
 []


Underfull \hbox (badness 1803) in paragraph at lines 293--293
[]|\T1/cmr/m/n/10 ordinaire, et ^^S deux termes ^^T
 []


Underfull \hbox (badness 2653) in paragraph at lines 294--294
\T1/cmr/m/n/10 runs (au-cune ligne de threads
 []


Underfull \hbox (badness 5417) in paragraph at lines 295--295
\T1/cmr/m/n/10 Chen-Mangasarian $\OT1/cmr/m/n/10 0\OML/cmm/m/it/10 :\OT1/cmr/m/
n/10 05$\T1/cmr/m/n/10 , Black-
 []


Underfull \hbox (badness 2126) in paragraph at lines 295--295
\T1/cmr/m/n/10 Scholes or-di-naire) sur un hôte
 []


Underfull \hbox (badness 10000) in paragraph at lines 295--295
\T1/cmr/m/n/10 les dix runs $\T1/cmtt/m/n/10 2026090[5 -[] 7 ] _*$
 []


Underfull \hbox (badness 4132) in paragraph at lines 295--295
\OT1/cmr/m/n/10 0\OML/cmm/m/it/10 :\OT1/cmr/m/n/10 05$\T1/cmr/m/n/10 , split, B
lack-Scholes deux
 []


Underfull \hbox (badness 7468) in paragraph at lines 295--295
\T1/cmr/m/n/10 termes) sur le Mac (Py-thon
 []


Underfull \hbox (badness 10000) in paragraph at lines 295--296
[]|\T1/cmtt/m/n/10 republique \T1/cmr/m/n/10 (Has-well, AVX2) ;
 []


Underfull \hbox (badness 10000) in paragraph at lines 295--296
\T1/cmr/m/n/10 les cinq splits ont com-mencé
 []


Underfull \hbox (badness 10000) in paragraph at lines 295--296
\T1/cmr/m/n/10 sur \T1/cmtt/m/n/10 porte-d-orleans \T1/cmr/m/n/10 (jour-nal
 []


Underfull \hbox (badness 10000) in paragraph at lines 295--296
\T1/cmr/m/n/10 deux de-puis l'ité-ra-tion $\OT1/cmr/m/n/10 26 000$
 []


Underfull \hbox (badness 10000) in paragraph at lines 296--296
[]|\T1/cmr/m/n/10 aucun en-re-gis-tré ; code non
 []


Underfull \hbox (badness 10000) in paragraph at lines 296--296
\T1/cmr/m/n/10 contenu dans un com-
 []


Underfull \hbox (badness 10000) in paragraph at lines 296--296
\T1/cmr/m/n/10 mit : $\T1/cmtt/m/n/10 -[]-[] black -[] scholes -[]
 []


Underfull \hbox (badness 10000) in paragraph at lines 296--296
\T1/cmtt/m/n/10 payoff$\T1/cmr/m/n/10 , \T1/cmtt/m/n/10 --smoothed-payoff\T1/cm
r/m/n/10 ,
 []


Underfull \hbox (badness 10000) in paragraph at lines 296--296
\T1/cmtt/m/n/10 --split-payoff \T1/cmr/m/n/10 et
 []


Underfull \hbox (badness 10000) in paragraph at lines 296--296
\T1/cmtt/m/n/10 --analytic-residual \T1/cmr/m/n/10 sont
 []


Underfull \hbox (badness 6428) in paragraph at lines 296--296
\T1/cmr/m/n/10 ab-sents des com-mits \T1/cmtt/m/n/10 7c885f3
 []


Underfull \hbox (badness 1715) in paragraph at lines 296--296
\T1/cmr/m/n/10 (21/08) et \T1/cmtt/m/n/10 4f0233a \T1/cmr/m/n/10 (23/08) et
 []


Underfull \hbox (badness 10000) in paragraph at lines 296--296
\T1/cmr/m/n/10 n'ap-pa-raissent qu'à \T1/cmtt/m/n/10 4a0af78
 []


Underfull \hbox (badness 4832) in paragraph at lines 296--297
[]|\T1/cmr/m/n/10 splits : \T1/cmtt/m/n/10 efbb9a8 \T1/cmr/m/n/10 (dé-part) pui
s
 []


Underfull \hbox (badness 2126) in paragraph at lines 296--297
\T1/cmtt/m/n/10 5e3c6f5 \T1/cmr/m/n/10 ; \T1/cmtt/m/n/10 dirty: true \T1/cmr/m/
n/10 dans les
 []


Underfull \hbox (badness 10000) in paragraph at lines 296--297
\T1/cmr/m/n/10 le diff \T1/cmtt/m/n/10 efbb9a8..5e3c6f5 \T1/cmr/m/n/10 du
 []


Underfull \hbox (badness 10000) in paragraph at lines 296--297
\T1/cmr/m/n/10 pi-lote ne touche que \T1/cmtt/m/n/10 main\T1/cmr/m/n/10 ,
 []


Underfull \hbox (badness 10000) in paragraph at lines 296--297
\T1/cmtt/m/n/10 evaluate _ against _ closed _ form$\T1/cmr/m/n/10 ,
 []


Underfull \hbox (badness 10000) in paragraph at lines 297--298
[]|\T1/cmr/m/n/10 idem plus $\T1/cmtt/m/n/10 rel _ l2 _ outside _
 []


Underfull \hbox (badness 10000) in paragraph at lines 297--298
\T1/cmtt/m/n/10 corner$\T1/cmr/m/n/10 , $\T1/cmtt/m/n/10 corner _ window _ grid
 _
 []

[4] [5]
LaTeX Font Info:    Font shape `T1/cmtt/bx/n' in size <10.95> not available
(Font)              Font shape `T1/cmtt/m/n' tried instead on input line 333.
 [6] [7] (./audit_runs_weekend.aux)
Package rerunfilecheck Info: File `audit_runs_weekend.out' has not changed.
(rerunfilecheck)             Checksum: 8C559A9A3DF5E015EBBF098EEE76B77C;995.
 ) 
Here is how much of TeX's memory you used:
 12471 strings out of 478268
 192589 string characters out of 5846346
 526225 words of memory out of 5000000
 30477 multiletter control sequences out of 15000+600000
 487244 words of font info for 75 fonts, out of 8000000 for 9000
 1141 hyphenation exceptions out of 8191
 60i,13n,63p,905b,462s stack positions out of 10000i,1000n,20000p,200000b,200000s
{/usr/local/texlive/2022/texmf-dist/fonts/enc/dvips/cm-super/cm-super-t1.enc}
</usr/local/texlive/2022/texmf-dist/fonts/type1/public/amsfonts/cm/cmex10.pfb><
/usr/local/texlive/2022/texmf-dist/fonts/type1/public/amsfonts/cm/cmmi10.pfb></
usr/local/texlive/2022/texmf-dist/fonts/type1/public/amsfonts/cm/cmmi6.pfb></us
r/local/texlive/2022/texmf-dist/fonts/type1/public/amsfonts/cm/cmmi7.pfb></usr/
local/texlive/2022/texmf-dist/fonts/type1/public/amsfonts/cm/cmmi8.pfb></usr/lo
cal/texlive/2022/texmf-dist/fonts/type1/public/amsfonts/cm/cmr10.pfb></usr/loca
l/texlive/2022/texmf-dist/fonts/type1/public/amsfonts/cm/cmr6.pfb></usr/local/t
exlive/2022/texmf-dist/fonts/type1/public/amsfonts/cm/cmr7.pfb></usr/local/texl
ive/2022/texmf-dist/fonts/type1/public/amsfonts/cm/cmr8.pfb></usr/local/texlive
/2022/texmf-dist/fonts/type1/public/amsfonts/cm/cmsy10.pfb></usr/local/texlive/
2022/texmf-dist/fonts/type1/public/amsfonts/cm/cmsy8.pfb></usr/local/texlive/20
22/texmf-dist/fonts/type1/public/amsfonts/symbols/msbm10.pfb></usr/local/texliv
e/2022/texmf-dist/fonts/type1/public/cm-super/sfbx1095.pfb></usr/local/texlive/
2022/texmf-dist/fonts/type1/public/cm-super/sfbx1200.pfb></usr/local/texlive/20
22/texmf-dist/fonts/type1/public/cm-super/sfbx1440.pfb></usr/local/texlive/2022
/texmf-dist/fonts/type1/public/cm-super/sfrm0700.pfb></usr/local/texlive/2022/t
exmf-dist/fonts/type1/public/cm-super/sfrm1000.pfb></usr/local/texlive/2022/tex
mf-dist/fonts/type1/public/cm-super/sfrm1095.pfb></usr/local/texlive/2022/texmf
-dist/fonts/type1/public/cm-super/sfrm1200.pfb></usr/local/texlive/2022/texmf-d
ist/fonts/type1/public/cm-super/sfrm1728.pfb></usr/local/texlive/2022/texmf-dis
t/fonts/type1/public/cm-super/sfti1095.pfb></usr/local/texlive/2022/texmf-dist/
fonts/type1/public/cm-super/sftt1000.pfb></usr/local/texlive/2022/texmf-dist/fo
nts/type1/public/cm-super/sftt1095.pfb></usr/local/texlive/2022/texmf-dist/font
s/type1/public/cm-super/sftt1440.pfb>
Output written on audit_runs_weekend.pdf (7 pages, 433008 bytes).
PDF statistics:
 214 PDF objects out of 1000 (max. 8388607)
 155 compressed objects within 2 object streams
 35 named destinations out of 1000 (max. 500000)
 33 words of extra memory for PDF output out of 10000 (max. 10000000)

